<?xml version="1.0" encoding="UTF-8"?><html xmlns:test="http://www.jenitennison.com/xslt/unit-test" xmlns="http://www.w3.org/1999/xhtml">
   <head>
      <meta http-equiv="Content-Type" content="text/html; charset=UTF-8" />
      <title>Test Report for schematron-01.sch (passed: 3 / pending: 0 / failed: 0 / total: 3)</title>
      <link rel="stylesheet" type="text/css" href="../../../../src/reporter/test-report.css" />
   </head>
   <body>
      <h1>Test Report</h1>
      <p>Schematron: <a href="schematron-01.sch">schematron-01.sch</a></p>
      <p>XSpec: <a href="schematron-01.xspec">schematron-01.xspec</a></p>
      <p>Tested: ONCE-UPON-A-TIME</p>
      <h2>Contents</h2>
      <table class="xspec">
         <col width="75%" />
         <col width="6.25%" />
         <col width="6.25%" />
         <col width="6.25%" />
         <col width="6.25%" />
         <thead>
            <tr>
               <th></th>
               <th class="totals">passed: 3</th>
               <th class="totals">pending: 0</th>
               <th class="totals">failed: 0</th>
               <th class="totals">total: 3</th>
            </tr>
         </thead>
         <tbody>
            <tr class="successful">
               <th><a href="#ELEM-33">schematron-01</a></th>
               <th class="totals">3</th>
               <th class="totals">0</th>
               <th class="totals">0</th>
               <th class="totals">3</th>
            </tr>
         </tbody>
      </table>
      <div id="ELEM-33">
         <h2 class="successful">schematron-01<span class="scenario-totals">passed: 3 / pending: 0 / failed: 0 / total: 3</span></h2>
         <table class="xspec" id="ELEM-35">
            <col width="75%" />
            <col width="25%" />
            <tbody>
               <tr class="successful">
                  <th>schematron-01</th>
                  <th>passed: 3 / pending: 0 / failed: 0 / total: 3</th>
               </tr>
               <tr class="successful">
                  <th>article should have a title</th>
                  <th>passed: 1 / pending: 0 / failed: 0 / total: 1</th>
               </tr>
               <tr class="successful">
                  <td>not assert a001</td>
                  <td>Success</td>
               </tr>
               <tr class="successful">
                  <th>section should have a title</th>
                  <th>passed: 2 / pending: 0 / failed: 0 / total: 2</th>
               </tr>
               <tr class="successful">
                  <td>assert a002 /article[1]/section[2]</td>
                  <td>Success</td>
               </tr>
               <tr class="successful">
                  <td>assert a002 /article[1]/section[3]</td>
                  <td>Success</td>
               </tr>
            </tbody>
         </table>
      </div>
   </body>
</html>