<?xml version="1.0" encoding="UTF-8"?><html xmlns:test="http://www.jenitennison.com/xslt/unit-test" xmlns="http://www.w3.org/1999/xhtml">
   <head>
      <meta http-equiv="Content-Type" content="text/html; charset=UTF-8" />
      <title>Test Report for www.functx.com (passed: 1 / pending: 0 / failed: 0 / total: 1)</title>
      <link rel="stylesheet" type="text/css" href="../../../../src/reporter/test-report.css" />
   </head>
   <body>
      <h1>Test Report</h1>
      <p>Query: <a href="www.functx.com">www.functx.com</a></p>
      <p>XSpec: <a href="xquery-tutorial.xspec">xquery-tutorial.xspec</a></p>
      <p>Tested: ONCE-UPON-A-TIME</p>
      <h2>Contents</h2>
      <table class="xspec">
         <col width="75%" />
         <col width="6.25%" />
         <col width="6.25%" />
         <col width="6.25%" />
         <col width="6.25%" />
         <thead>
            <tr>
               <th></th>
               <th class="totals">passed: 1</th>
               <th class="totals">pending: 0</th>
               <th class="totals">failed: 0</th>
               <th class="totals">total: 1</th>
            </tr>
         </thead>
         <tbody>
            <tr class="successful">
               <th><a href="#ELEM-33">Calling function capitalize-first</a></th>
               <th class="totals">1</th>
               <th class="totals">0</th>
               <th class="totals">0</th>
               <th class="totals">1</th>
            </tr>
         </tbody>
      </table>
      <div id="ELEM-33">
         <h2 class="successful">Calling function capitalize-first<span class="scenario-totals">passed: 1 / pending: 0 / failed: 0 / total: 1</span></h2>
         <table class="xspec" id="ELEM-35">
            <col width="75%" />
            <col width="25%" />
            <tbody>
               <tr class="successful">
                  <th>Calling function capitalize-first</th>
                  <th>passed: 1 / pending: 0 / failed: 0 / total: 1</th>
               </tr>
               <tr class="successful">
                  <td>should capitalize the first character of the string</td>
                  <td>Success</td>
               </tr>
            </tbody>
         </table>
      </div>
   </body>
</html>