<?xml version="1.0" encoding="UTF-8"?><html xmlns:test="http://www.jenitennison.com/xslt/unit-test" xmlns="http://www.w3.org/1999/xhtml">
   <head>
      <meta http-equiv="Content-Type" content="text/html; charset=UTF-8" />
      <title>Test Report for xspec-55.xsl (passed: 0 / pending: 0 / failed: 3 / total: 3)</title>
      <link rel="stylesheet" type="text/css" href="../../../../src/reporter/test-report.css" />
   </head>
   <body>
      <h1>Test Report</h1>
      <p>Stylesheet: <a href="xspec-55.xsl">xspec-55.xsl</a></p>
      <p>XSpec: <a href="xspec-55.xspec">xspec-55.xspec</a></p>
      <p>Tested: ONCE-UPON-A-TIME</p>
      <h2>Contents</h2>
      <table class="xspec">
         <col width="75%" />
         <col width="6.25%" />
         <col width="6.25%" />
         <col width="6.25%" />
         <col width="6.25%" />
         <thead>
            <tr>
               <th></th>
               <th class="totals">passed: 0</th>
               <th class="totals">pending: 0</th>
               <th class="totals">failed: 3</th>
               <th class="totals">total: 3</th>
            </tr>
         </thead>
         <tbody>
            <tr class="failed">
               <th><a href="#ELEM-33">In a failure report HTML</a></th>
               <th class="totals">0</th>
               <th class="totals">0</th>
               <th class="totals">3</th>
               <th class="totals">3</th>
            </tr>
         </tbody>
      </table>
      <div id="ELEM-33">
         <h2 class="failed">In a failure report HTML<span class="scenario-totals">passed: 0 / pending: 0 / failed: 3 / total: 3</span></h2>
         <table class="xspec" id="ELEM-35">
            <col width="75%" />
            <col width="25%" />
            <tbody>
               <tr class="failed">
                  <th>In a failure report HTML</th>
                  <th>passed: 0 / pending: 0 / failed: 3 / total: 3</th>
               </tr>
               <tr class="failed">
                  <td><a href="#ELEM-55">[Expected Result] must represent xs:decimal(1) by "1.0" (numeric literal of decimal)</a></td>
                  <td>Failure</td>
               </tr>
               <tr class="failed">
                  <td><a href="#ELEM-67">[Expected Result] must represent xs:double(1) by "xs:double('1')" (constructor of
                        double)</a></td>
                  <td>Failure</td>
               </tr>
               <tr class="failed">
                  <td><a href="#ELEM-79">[Expected Result] must represent xs:integer(1) by "1" (numeric literal of integer)</a></td>
                  <td>Failure</td>
               </tr>
            </tbody>
         </table>
         <h3 id="ELEM-33">In a failure report HTML</h3>
         <h4 id="ELEM-55">[Expected Result] must represent xs:decimal(1) by "1.0" (numeric literal of decimal)</h4>
         <table class="xspecResult">
            <thead>
               <tr>
                  <th>Result</th>
                  <th>Expected Result</th>
               </tr>
            </thead>
            <tbody>
               <tr>
                  <td><pre>()</pre></td>
                  <td><pre>1.0</pre></td>
               </tr>
            </tbody>
         </table>
         <h4 id="ELEM-67">[Expected Result] must represent xs:double(1) by "xs:double('1')" (constructor of
            double)
         </h4>
         <table class="xspecResult">
            <thead>
               <tr>
                  <th>Result</th>
                  <th>Expected Result</th>
               </tr>
            </thead>
            <tbody>
               <tr>
                  <td><pre>()</pre></td>
                  <td><pre>xs:double('1')</pre></td>
               </tr>
            </tbody>
         </table>
         <h4 id="ELEM-79">[Expected Result] must represent xs:integer(1) by "1" (numeric literal of integer)</h4>
         <table class="xspecResult">
            <thead>
               <tr>
                  <th>Result</th>
                  <th>Expected Result</th>
               </tr>
            </thead>
            <tbody>
               <tr>
                  <td><pre>()</pre></td>
                  <td><pre>1</pre></td>
               </tr>
            </tbody>
         </table>
      </div>
   </body>
</html>