<?xml version="1.0" encoding="UTF-8"?><html xmlns:test="http://www.jenitennison.com/xslt/unit-test" xmlns="http://www.w3.org/1999/xhtml">
   <head>
      <meta http-equiv="Content-Type" content="text/html; charset=UTF-8" />
      <title>Test Report for xspec-50.xsl (passed: 0 / pending: 0 / failed: 1 / total: 1)</title>
      <link rel="stylesheet" type="text/css" href="../../../../src/reporter/test-report.css" />
   </head>
   <body>
      <h1>Test Report</h1>
      <p>Stylesheet: <a href="xspec-50.xsl">xspec-50.xsl</a></p>
      <p>XSpec: <a href="xspec-50.xspec">xspec-50.xspec</a></p>
      <p>Tested: ONCE-UPON-A-TIME</p>
      <h2>Contents</h2>
      <table class="xspec">
         <col width="75%" />
         <col width="6.25%" />
         <col width="6.25%" />
         <col width="6.25%" />
         <col width="6.25%" />
         <thead>
            <tr>
               <th></th>
               <th class="totals">passed: 0</th>
               <th class="totals">pending: 0</th>
               <th class="totals">failed: 1</th>
               <th class="totals">total: 1</th>
            </tr>
         </thead>
         <tbody>
            <tr class="failed">
               <th><a href="#ELEM-33">Expecting xs:hexBinary('0123') when $x:result is xs:untypedAtomic('0123')</a></th>
               <th class="totals">0</th>
               <th class="totals">0</th>
               <th class="totals">1</th>
               <th class="totals">1</th>
            </tr>
         </tbody>
      </table>
      <div id="ELEM-33">
         <h2 class="failed">Expecting xs:hexBinary('0123') when $x:result is xs:untypedAtomic('0123')<span class="scenario-totals">passed: 0 / pending: 0 / failed: 1 / total: 1</span></h2>
         <table class="xspec" id="ELEM-35">
            <col width="75%" />
            <col width="25%" />
            <tbody>
               <tr class="failed">
                  <th>Expecting xs:hexBinary('0123') when $x:result is xs:untypedAtomic('0123')</th>
                  <th>passed: 0 / pending: 0 / failed: 1 / total: 1</th>
               </tr>
               <tr class="failed">
                  <td><a href="#ELEM-47">must generate a failure report HTML which reads [Result] = "xs:untypedAtomic('0123')"
                        and [Expected Result] = "xs:hexBinary('0123')"</a></td>
                  <td>Failure</td>
               </tr>
            </tbody>
         </table>
         <h3 id="ELEM-33">Expecting xs:hexBinary('0123') when $x:result is xs:untypedAtomic('0123')</h3>
         <h4 id="ELEM-47">must generate a failure report HTML which reads [Result] = "xs:untypedAtomic('0123')"
            and [Expected Result] = "xs:hexBinary('0123')"
         </h4>
         <table class="xspecResult">
            <thead>
               <tr>
                  <th>Result</th>
                  <th>Expected Result</th>
               </tr>
            </thead>
            <tbody>
               <tr>
                  <td><pre>xs:untypedAtomic('0123')</pre></td>
                  <td><pre>xs:hexBinary('0123')</pre></td>
               </tr>
            </tbody>
         </table>
      </div>
   </body>
</html>