<?xml version="1.0" encoding="UTF-8"?><html xmlns:test="http://www.jenitennison.com/xslt/unit-test" xmlns="http://www.w3.org/1999/xhtml">
   <head>
      <meta http-equiv="Content-Type" content="text/html; charset=UTF-8" />
      <title>Test Report for xspec-tested.xsl (passed: 1 / pending: 2 / failed: 1 / total: 4)</title>
      <link rel="stylesheet" type="text/css" href="../../../../src/reporter/test-report.css" />
   </head>
   <body>
      <h1>Test Report</h1>
      <p>Stylesheet: <a href="xspec-tested.xsl">xspec-tested.xsl</a></p>
      <p>XSpec: <a href="xspec-rule.xspec">xspec-rule.xspec</a></p>
      <p>Tested: ONCE-UPON-A-TIME</p>
      <h2>Contents</h2>
      <table class="xspec">
         <col width="75%" />
         <col width="6.25%" />
         <col width="6.25%" />
         <col width="6.25%" />
         <col width="6.25%" />
         <thead>
            <tr>
               <th></th>
               <th class="totals">passed: 1</th>
               <th class="totals">pending: 2</th>
               <th class="totals">failed: 1</th>
               <th class="totals">total: 4</th>
            </tr>
         </thead>
         <tbody>
            <tr class="successful">
               <th><a href="#ELEM-56">x:context with correct x:expect</a></th>
               <th class="totals">1</th>
               <th class="totals">0</th>
               <th class="totals">0</th>
               <th class="totals">1</th>
            </tr>
            <tr class="failed">
               <th><a href="#ELEM-69">x:context with incorrect x:expect</a></th>
               <th class="totals">0</th>
               <th class="totals">0</th>
               <th class="totals">1</th>
               <th class="totals">1</th>
            </tr>
            <tr class="pending">
               <th>(<strong>not implemented yet</strong>) <a href="#PENDING_ELEM-39">x:apply with correct x:expect</a></th>
               <th class="totals">0</th>
               <th class="totals">1</th>
               <th class="totals">0</th>
               <th class="totals">1</th>
            </tr>
            <tr class="pending">
               <th>(<strong>not implemented yet</strong>) <a href="#PENDING_ELEM-47">x:apply with incorrect x:expect</a></th>
               <th class="totals">0</th>
               <th class="totals">1</th>
               <th class="totals">0</th>
               <th class="totals">1</th>
            </tr>
         </tbody>
      </table>
      <div id="ELEM-56">
         <h2 class="successful">x:context with correct x:expect<span class="scenario-totals">passed: 1 / pending: 0 / failed: 0 / total: 1</span></h2>
         <table class="xspec" id="ELEM-58">
            <col width="75%" />
            <col width="25%" />
            <tbody>
               <tr class="successful">
                  <th>x:context with correct x:expect</th>
                  <th>passed: 1 / pending: 0 / failed: 0 / total: 1</th>
               </tr>
               <tr class="successful">
                  <td>must return Success</td>
                  <td>Success</td>
               </tr>
            </tbody>
         </table>
      </div>
      <div id="ELEM-69">
         <h2 class="failed">x:context with incorrect x:expect<span class="scenario-totals">passed: 0 / pending: 0 / failed: 1 / total: 1</span></h2>
         <table class="xspec" id="ELEM-71">
            <col width="75%" />
            <col width="25%" />
            <tbody>
               <tr class="failed">
                  <th>x:context with incorrect x:expect</th>
                  <th>passed: 0 / pending: 0 / failed: 1 / total: 1</th>
               </tr>
               <tr class="failed">
                  <td><a href="#ELEM-83">must return Failure</a></td>
                  <td>Failure</td>
               </tr>
            </tbody>
         </table>
         <h3 id="ELEM-69">x:context with incorrect x:expect</h3>
         <h4 id="ELEM-83">must return Failure</h4>
         <table class="xspecResult">
            <thead>
               <tr>
                  <th>Result</th>
                  <th>Expected Result</th>
               </tr>
            </thead>
            <tbody>
               <tr>
                  <td><pre>&lt;<span class="diff">transformed</span> xmlns:my="http://example.org/ns/my" /&gt;</pre></td>
                  <td><pre>&lt;<span class="diff">erroneous</span> /&gt;</pre></td>
               </tr>
            </tbody>
         </table>
      </div>
   </body>
</html>