<?xml version="1.0" encoding="UTF-8"?><html xmlns:test="http://www.jenitennison.com/xslt/unit-test" xmlns="http://www.w3.org/1999/xhtml">
   <head>
      <meta http-equiv="Content-Type" content="text/html; charset=UTF-8" />
      <title>Test Report for xspec-tested.xsl (passed: 2 / pending: 0 / failed: 2 / total: 4)</title>
      <link rel="stylesheet" type="text/css" href="../../../../src/reporter/test-report.css" />
   </head>
   <body>
      <h1>Test Report</h1>
      <p>Stylesheet: <a href="xspec-tested.xsl">xspec-tested.xsl</a></p>
      <p>XSpec: <a href="xspec-function.xspec">xspec-function.xspec</a></p>
      <p>Tested: ONCE-UPON-A-TIME</p>
      <h2>Contents</h2>
      <table class="xspec">
         <col width="75%" />
         <col width="6.25%" />
         <col width="6.25%" />
         <col width="6.25%" />
         <col width="6.25%" />
         <thead>
            <tr>
               <th></th>
               <th class="totals">passed: 2</th>
               <th class="totals">pending: 0</th>
               <th class="totals">failed: 2</th>
               <th class="totals">total: 4</th>
            </tr>
         </thead>
         <tbody>
            <tr class="successful">
               <th><a href="#ELEM-40">when calling a function and expecting correctly</a></th>
               <th class="totals">2</th>
               <th class="totals">0</th>
               <th class="totals">0</th>
               <th class="totals">2</th>
            </tr>
            <tr class="failed">
               <th><a href="#ELEM-56">when calling a function and expecting incorrectly</a></th>
               <th class="totals">0</th>
               <th class="totals">0</th>
               <th class="totals">2</th>
               <th class="totals">2</th>
            </tr>
         </tbody>
      </table>
      <div id="ELEM-40">
         <h2 class="successful">when calling a function and expecting correctly<span class="scenario-totals">passed: 2 / pending: 0 / failed: 0 / total: 2</span></h2>
         <table class="xspec" id="ELEM-42">
            <col width="75%" />
            <col width="25%" />
            <tbody>
               <tr class="successful">
                  <th>when calling a function and expecting correctly</th>
                  <th>passed: 2 / pending: 0 / failed: 0 / total: 2</th>
               </tr>
               <tr class="successful">
                  <td>expecting the correct value must return Success</td>
                  <td>Success</td>
               </tr>
               <tr class="successful">
                  <td>expecting the correct type must return Success</td>
                  <td>Success</td>
               </tr>
            </tbody>
         </table>
      </div>
      <div id="ELEM-56">
         <h2 class="failed">when calling a function and expecting incorrectly<span class="scenario-totals">passed: 0 / pending: 0 / failed: 2 / total: 2</span></h2>
         <table class="xspec" id="ELEM-58">
            <col width="75%" />
            <col width="25%" />
            <tbody>
               <tr class="failed">
                  <th>when calling a function and expecting incorrectly</th>
                  <th>passed: 0 / pending: 0 / failed: 2 / total: 2</th>
               </tr>
               <tr class="failed">
                  <td><a href="#ELEM-74">expecting an incorrect value must return Failure</a></td>
                  <td>Failure</td>
               </tr>
               <tr class="failed">
                  <td><a href="#ELEM-86">expecting an incorrect type must return Failure</a></td>
                  <td>Failure</td>
               </tr>
            </tbody>
         </table>
         <h3 id="ELEM-56">when calling a function and expecting incorrectly</h3>
         <h4 id="ELEM-74">expecting an incorrect value must return Failure</h4>
         <table class="xspecResult">
            <thead>
               <tr>
                  <th>Result</th>
                  <th>Expected Result</th>
               </tr>
            </thead>
            <tbody>
               <tr>
                  <td><pre>4</pre></td>
                  <td><pre>()</pre></td>
               </tr>
            </tbody>
         </table>
         <h4 id="ELEM-86">expecting an incorrect type must return Failure</h4>
         <table class="xspecResult">
            <thead>
               <tr>
                  <th>Result</th>
                  <th>Expected Result</th>
               </tr>
            </thead>
            <tbody>
               <tr>
                  <td><pre>4</pre></td>
                  <td><pre>()</pre></td>
               </tr>
            </tbody>
         </table>
      </div>
   </body>
</html>